0 verbose cli /usr/bin/node /usr/bin/npm
1 info using npm@10.8.2
2 info using node@v20.20.2
3 silly config load:file:/usr/lib/node_modules/npm/npmrc
4 silly config load:file:/home/user/mobile/.npmrc
5 silly config load:file:/home/user/.npmrc
6 silly config load:file:/usr/etc/npmrc
7 verbose title npm install
8 verbose argv "install" "--no-audit" "--no-fund"
9 verbose logfile logs-max:10 dir:/home/user/.npm/_logs/2026-08-10T11_04_22_299Z-
10 verbose logfile /home/user/.npm/_logs/2026-08-10T11_04_22_299Z-debug-0.log
11 silly packumentCache heap:998768640 maxSize:249692160 maxEntrySize:124846080
12 silly logfile done cleaning log files
13 silly idealTree buildDeps
14 silly fetch manifest @capacitor/android@^6.1.2
15 silly packumentCache full:https://registry.npmjs.org/@capacitor%2fandroid cache-miss
16 http fetch GET 200 https://registry.npmjs.org/npm 181ms
17 http fetch GET 200 https://registry.npmjs.org/@capacitor%2fandroid 269ms (cache miss)
18 silly packumentCache full:https://registry.npmjs.org/@capacitor%2fandroid set size:undefined disposed:false
19 silly fetch manifest @capacitor/core@^6.1.2
20 silly packumentCache full:https://registry.npmjs.org/@capacitor%2fcore cache-miss
21 http fetch GET 200 https://registry.npmjs.org/@capacitor%2fcore 142ms (cache miss)
22 silly packumentCache full:https://registry.npmjs.org/@capacitor%2fcore set size:undefined disposed:false
23 silly fetch manifest @capacitor/app@^6.0.1
24 silly packumentCache full:https://registry.npmjs.org/@capacitor%2fapp cache-miss
25 http fetch GET 200 https://registry.npmjs.org/@capacitor%2fapp 129ms (cache miss)
26 silly packumentCache full:https://registry.npmjs.org/@capacitor%2fapp set size:undefined disposed:false
27 silly fetch manifest @capacitor/keyboard@^6.0.2
28 silly packumentCache full:https://registry.npmjs.org/@capacitor%2fkeyboard cache-miss
29 http fetch GET 200 https://registry.npmjs.org/@capacitor%2fkeyboard 134ms (cache miss)
30 silly packumentCache full:https://registry.npmjs.org/@capacitor%2fkeyboard set size:undefined disposed:false
31 silly fetch manifest @capacitor/splash-screen@^6.0.1
32 silly packumentCache full:https://registry.npmjs.org/@capacitor%2fsplash-screen cache-miss
33 http fetch GET 200 https://registry.npmjs.org/@capacitor%2fsplash-screen 335ms (cache miss)
34 silly packumentCache full:https://registry.npmjs.org/@capacitor%2fsplash-screen set size:undefined disposed:false
35 silly fetch manifest @capacitor/status-bar@^6.0.1
36 silly packumentCache full:https://registry.npmjs.org/@capacitor%2fstatus-bar cache-miss
37 http fetch GET 200 https://registry.npmjs.org/@capacitor%2fstatus-bar 140ms (cache miss)
38 silly packumentCache full:https://registry.npmjs.org/@capacitor%2fstatus-bar set size:undefined disposed:false
39 silly fetch manifest @capacitor/cli@^6.1.2
40 silly packumentCache full:https://registry.npmjs.org/@capacitor%2fcli cache-miss
41 http fetch GET 200 https://registry.npmjs.org/@capacitor%2fcli 132ms (cache miss)
42 silly packumentCache full:https://registry.npmjs.org/@capacitor%2fcli set size:undefined disposed:false
43 silly placeDep ROOT @capacitor/android@6.2.1 OK for: createit-mobile@1.0.0 want: ^6.1.2
44 silly placeDep ROOT @capacitor/core@6.2.1 OK for: @capacitor/android@6.2.1 want: ^6.2.0
45 silly placeDep ROOT @capacitor/app@6.0.3 OK for: createit-mobile@1.0.0 want: ^6.0.1
46 silly placeDep ROOT @capacitor/cli@6.2.1 OK for: createit-mobile@1.0.0 want: ^6.1.2
47 silly placeDep ROOT @capacitor/keyboard@6.0.4 OK for: createit-mobile@1.0.0 want: ^6.0.2
48 silly placeDep ROOT @capacitor/splash-screen@6.0.4 OK for: createit-mobile@1.0.0 want: ^6.0.1
49 silly placeDep ROOT @capacitor/status-bar@6.0.3 OK for: createit-mobile@1.0.0 want: ^6.0.1
50 silly fetch manifest tslib@^2.1.0
51 silly packumentCache full:https://registry.npmjs.org/tslib cache-miss
52 http fetch GET 200 https://registry.npmjs.org/tslib 37ms (cache miss)
53 silly packumentCache full:https://registry.npmjs.org/tslib set size:undefined disposed:false
54 silly fetch manifest tar@^6.1.11
55 silly packumentCache full:https://registry.npmjs.org/tar cache-miss
56 http fetch GET 200 https://registry.npmjs.org/tar 36ms (cache miss)
57 silly packumentCache full:https://registry.npmjs.org/tar set size:undefined disposed:false
58 silly fetch manifest open@^8.4.0
59 silly packumentCache full:https://registry.npmjs.org/open cache-miss
60 http fetch GET 200 https://registry.npmjs.org/open 31ms (cache miss)
61 silly packumentCache full:https://registry.npmjs.org/open set size:undefined disposed:false
62 silly fetch manifest debug@^4.3.4
63 silly packumentCache full:https://registry.npmjs.org/debug cache-miss
64 http fetch GET 200 https://registry.npmjs.org/debug 28ms (cache miss)
65 silly packumentCache full:https://registry.npmjs.org/debug set size:undefined disposed:false
66 silly fetch manifest kleur@^4.1.4
67 silly packumentCache full:https://registry.npmjs.org/kleur cache-miss
68 http fetch GET 200 https://registry.npmjs.org/kleur 27ms (cache miss)
69 silly packumentCache full:https://registry.npmjs.org/kleur set size:undefined disposed:false
70 silly fetch manifest plist@^3.0.5
71 silly packumentCache full:https://registry.npmjs.org/plist cache-miss
72 http fetch GET 200 https://registry.npmjs.org/plist 21ms (cache miss)
73 silly packumentCache full:https://registry.npmjs.org/plist set size:undefined disposed:false
74 silly fetch manifest tslib@^2.4.0
75 silly packumentCache full:https://registry.npmjs.org/tslib cache-miss
76 http fetch GET 200 https://registry.npmjs.org/tslib 7ms (cache hit)
77 silly packumentCache full:https://registry.npmjs.org/tslib set size:108843 disposed:false
78 silly fetch manifest rimraf@^4.4.1
79 silly packumentCache full:https://registry.npmjs.org/rimraf cache-miss
80 http fetch GET 200 https://registry.npmjs.org/rimraf 33ms (cache miss)
81 silly packumentCache full:https://registry.npmjs.org/rimraf set size:undefined disposed:false
82 silly fetch manifest semver@^7.3.7
83 silly packumentCache full:https://registry.npmjs.org/semver cache-miss
84 http fetch GET 200 https://registry.npmjs.org/semver 28ms (cache miss)
85 silly packumentCache full:https://registry.npmjs.org/semver set size:undefined disposed:false
86 silly fetch manifest xml2js@^0.5.0
87 silly packumentCache full:https://registry.npmjs.org/xml2js cache-miss
88 http fetch GET 200 https://registry.npmjs.org/xml2js 31ms (cache miss)
89 silly packumentCache full:https://registry.npmjs.org/xml2js set size:undefined disposed:false
90 silly fetch manifest prompts@^2.4.2
91 silly packumentCache full:https://registry.npmjs.org/prompts cache-miss
92 http fetch GET 200 https://registry.npmjs.org/prompts 24ms (cache miss)
93 silly packumentCache full:https://registry.npmjs.org/prompts set size:undefined disposed:false
94 silly fetch manifest commander@^9.3.0
95 silly packumentCache full:https://registry.npmjs.org/commander cache-miss
96 http fetch GET 200 https://registry.npmjs.org/commander 39ms (cache miss)
97 silly packumentCache full:https://registry.npmjs.org/commander set size:undefined disposed:false
98 silly fetch manifest env-paths@^2.2.0
99 silly packumentCache full:https://registry.npmjs.org/env-paths cache-miss
100 http fetch GET 200 https://registry.npmjs.org/env-paths 23ms (cache miss)
101 silly packumentCache full:https://registry.npmjs.org/env-paths set size:undefined disposed:false
102 silly fetch manifest native-run@^2.0.0
103 silly packumentCache full:https://registry.npmjs.org/native-run cache-miss
104 http fetch GET 200 https://registry.npmjs.org/native-run 34ms (cache miss)
105 silly packumentCache full:https://registry.npmjs.org/native-run set size:undefined disposed:false
106 silly fetch manifest @ionic/utils-fs@^3.1.6
107 silly packumentCache full:https://registry.npmjs.org/@ionic%2futils-fs cache-miss
108 http fetch GET 200 https://registry.npmjs.org/@ionic%2futils-fs 34ms (cache miss)
109 silly packumentCache full:https://registry.npmjs.org/@ionic%2futils-fs set size:undefined disposed:false
110 silly fetch manifest @ionic/utils-terminal@^2.3.3
111 silly packumentCache full:https://registry.npmjs.org/@ionic%2futils-terminal cache-miss
112 http fetch GET 200 https://registry.npmjs.org/@ionic%2futils-terminal 45ms (cache miss)
113 silly packumentCache full:https://registry.npmjs.org/@ionic%2futils-terminal set size:undefined disposed:false
114 silly fetch manifest @ionic/utils-subprocess@2.1.11
115 silly packumentCache full:https://registry.npmjs.org/@ionic%2futils-subprocess cache-miss
116 http fetch GET 200 https://registry.npmjs.org/@ionic%2futils-subprocess 36ms (cache miss)
117 silly packumentCache full:https://registry.npmjs.org/@ionic%2futils-subprocess set size:undefined disposed:false
118 silly fetch manifest @ionic/cli-framework-output@^2.2.5
119 silly packumentCache full:https://registry.npmjs.org/@ionic%2fcli-framework-output cache-miss
120 http fetch GET 200 https://registry.npmjs.org/@ionic%2fcli-framework-output 48ms (cache miss)
121 silly packumentCache full:https://registry.npmjs.org/@ionic%2fcli-framework-output set size:undefined disposed:false
122 silly placeDep ROOT @ionic/cli-framework-output@2.2.8 OK for: @capacitor/cli@6.2.1 want: ^2.2.5
123 silly placeDep ROOT @ionic/utils-fs@3.1.7 OK for: @capacitor/cli@6.2.1 want: ^3.1.6
124 silly placeDep ROOT @ionic/utils-subprocess@2.1.11 OK for: @capacitor/cli@6.2.1 want: 2.1.11
125 silly placeDep ROOT @ionic/utils-terminal@2.3.5 OK for: @capacitor/cli@6.2.1 want: ^2.3.3
126 silly placeDep ROOT commander@9.5.0 OK for: @capacitor/cli@6.2.1 want: ^9.3.0
127 silly placeDep ROOT debug@4.4.3 OK for: @capacitor/cli@6.2.1 want: ^4.3.4
128 silly placeDep ROOT env-paths@2.2.1 OK for: @capacitor/cli@6.2.1 want: ^2.2.0
129 silly placeDep ROOT kleur@4.1.5 OK for: @capacitor/cli@6.2.1 want: ^4.1.4
130 silly placeDep ROOT native-run@2.0.3 OK for: @capacitor/cli@6.2.1 want: ^2.0.0
131 silly placeDep ROOT open@8.4.2 OK for: @capacitor/cli@6.2.1 want: ^8.4.0
132 silly placeDep ROOT plist@3.1.1 OK for: @capacitor/cli@6.2.1 want: ^3.0.5
133 silly placeDep ROOT prompts@2.4.2 OK for: @capacitor/cli@6.2.1 want: ^2.4.2
134 silly placeDep ROOT rimraf@4.4.1 OK for: @capacitor/cli@6.2.1 want: ^4.4.1
135 silly placeDep ROOT semver@7.8.5 OK for: @capacitor/cli@6.2.1 want: ^7.3.7
136 silly placeDep ROOT tar@6.2.1 OK for: @capacitor/cli@6.2.1 want: ^6.1.11
137 silly placeDep ROOT tslib@2.8.1 OK for: @capacitor/cli@6.2.1 want: ^2.4.0
138 silly placeDep ROOT xml2js@0.5.0 OK for: @capacitor/cli@6.2.1 want: ^0.5.0
139 silly fetch manifest @ionic/utils-terminal@2.3.5
140 silly packumentCache full:https://registry.npmjs.org/@ionic%2futils-terminal cache-miss
141 http fetch GET 200 https://registry.npmjs.org/@ionic%2futils-terminal 6ms (cache hit)
142 silly packumentCache full:https://registry.npmjs.org/@ionic%2futils-terminal set size:118057 disposed:false
143 silly fetch manifest debug@^4.0.0
144 silly packumentCache full:https://registry.npmjs.org/debug cache-miss
145 http fetch GET 200 https://registry.npmjs.org/debug 3ms (cache hit)
146 silly packumentCache full:https://registry.npmjs.org/debug set size:195840 disposed:false
147 silly fetch manifest tslib@^2.0.1
148 silly packumentCache full:https://registry.npmjs.org/tslib cache-hit
149 silly fetch manifest @types/fs-extra@^8.0.0
150 silly packumentCache full:https://registry.npmjs.org/@types%2ffs-extra cache-miss
151 http fetch GET 200 https://registry.npmjs.org/@types%2ffs-extra 32ms (cache miss)
152 silly packumentCache full:https://registry.npmjs.org/@types%2ffs-extra set size:undefined disposed:false
153 silly fetch manifest fs-extra@^9.0.0
154 silly packumentCache full:https://registry.npmjs.org/fs-extra cache-miss
155 http fetch GET 200 https://registry.npmjs.org/fs-extra 32ms (cache miss)
156 silly packumentCache full:https://registry.npmjs.org/fs-extra set size:undefined disposed:false
157 silly fetch manifest @ionic/utils-array@2.1.5
158 silly packumentCache full:https://registry.npmjs.org/@ionic%2futils-array cache-miss
159 http fetch GET 200 https://registry.npmjs.org/@ionic%2futils-array 43ms (cache miss)
160 silly packumentCache full:https://registry.npmjs.org/@ionic%2futils-array set size:undefined disposed:false
161 silly fetch manifest @ionic/utils-fs@3.1.6
162 silly packumentCache full:https://registry.npmjs.org/@ionic%2futils-fs cache-miss
163 http fetch GET 200 https://registry.npmjs.org/@ionic%2futils-fs 5ms (cache hit)
164 silly packumentCache full:https://registry.npmjs.org/@ionic%2futils-fs set size:155283 disposed:false
165 silly fetch manifest @ionic/utils-process@2.1.10
166 silly packumentCache full:https://registry.npmjs.org/@ionic%2futils-process cache-miss
167 http fetch GET 200 https://registry.npmjs.org/@ionic%2futils-process 51ms (cache miss)
168 silly packumentCache full:https://registry.npmjs.org/@ionic%2futils-process set size:undefined disposed:false
169 silly fetch manifest @ionic/utils-stream@3.1.5
170 silly packumentCache full:https://registry.npmjs.org/@ionic%2futils-stream cache-miss
171 http fetch GET 200 https://registry.npmjs.org/@ionic%2futils-stream 32ms (cache miss)
172 silly packumentCache full:https://registry.npmjs.org/@ionic%2futils-stream set size:undefined disposed:false
173 silly fetch manifest @ionic/utils-terminal@2.3.3
174 silly packumentCache full:https://registry.npmjs.org/@ionic%2futils-terminal cache-hit
175 silly fetch manifest cross-spawn@^7.0.3
176 silly packumentCache full:https://registry.npmjs.org/cross-spawn cache-miss
177 http fetch GET 200 https://registry.npmjs.org/cross-spawn 30ms (cache miss)
178 silly packumentCache full:https://registry.npmjs.org/cross-spawn set size:undefined disposed:false
179 silly fetch manifest @types/slice-ansi@^4.0.0
180 silly packumentCache full:https://registry.npmjs.org/@types%2fslice-ansi cache-miss
181 http fetch GET 200 https://registry.npmjs.org/@types%2fslice-ansi 23ms (cache miss)
182 silly packumentCache full:https://registry.npmjs.org/@types%2fslice-ansi set size:undefined disposed:false
183 silly fetch manifest signal-exit@^3.0.3
184 silly packumentCache full:https://registry.npmjs.org/signal-exit cache-miss
185 http fetch GET 200 https://registry.npmjs.org/signal-exit 26ms (cache miss)
186 silly packumentCache full:https://registry.npmjs.org/signal-exit set size:undefined disposed:false
187 silly fetch manifest slice-ansi@^4.0.0
188 silly packumentCache full:https://registry.npmjs.org/slice-ansi cache-miss
189 http fetch GET 200 https://registry.npmjs.org/slice-ansi 23ms (cache miss)
190 silly packumentCache full:https://registry.npmjs.org/slice-ansi set size:undefined disposed:false
191 silly fetch manifest string-width@^4.1.0
192 silly packumentCache full:https://registry.npmjs.org/string-width cache-miss
193 http fetch GET 200 https://registry.npmjs.org/string-width 27ms (cache miss)
194 silly packumentCache full:https://registry.npmjs.org/string-width set size:undefined disposed:false
195 silly fetch manifest strip-ansi@^6.0.0
196 silly packumentCache full:https://registry.npmjs.org/strip-ansi cache-miss
197 http fetch GET 200 https://registry.npmjs.org/strip-ansi 20ms (cache miss)
198 silly packumentCache full:https://registry.npmjs.org/strip-ansi set size:undefined disposed:false
199 silly fetch manifest untildify@^4.0.0
200 silly packumentCache full:https://registry.npmjs.org/untildify cache-miss
201 http fetch GET 200 https://registry.npmjs.org/untildify 31ms (cache miss)
202 silly packumentCache full:https://registry.npmjs.org/untildify set size:undefined disposed:false
203 silly fetch manifest wrap-ansi@^7.0.0
204 silly packumentCache full:https://registry.npmjs.org/wrap-ansi cache-miss
205 http fetch GET 200 https://registry.npmjs.org/wrap-ansi 21ms (cache miss)
206 silly packumentCache full:https://registry.npmjs.org/wrap-ansi set size:undefined disposed:false
207 silly fetch manifest ms@^2.1.3
208 silly packumentCache full:https://registry.npmjs.org/ms cache-miss
209 http fetch GET 200 https://registry.npmjs.org/ms 29ms (cache miss)
210 silly packumentCache full:https://registry.npmjs.org/ms set size:undefined disposed:false
211 silly fetch manifest bplist-parser@^0.3.2
212 silly packumentCache full:https://registry.npmjs.org/bplist-parser cache-miss
213 http fetch GET 200 https://registry.npmjs.org/bplist-parser 22ms (cache miss)
214 silly packumentCache full:https://registry.npmjs.org/bplist-parser set size:undefined disposed:false
215 silly fetch manifest elementtree@^0.1.7
216 silly packumentCache full:https://registry.npmjs.org/elementtree cache-miss
217 http fetch GET 200 https://registry.npmjs.org/elementtree 29ms (cache miss)
218 silly packumentCache full:https://registry.npmjs.org/elementtree set size:undefined disposed:false
219 silly fetch manifest ini@^4.1.1
220 silly packumentCache full:https://registry.npmjs.org/ini cache-miss
221 http fetch GET 200 https://registry.npmjs.org/ini 24ms (cache miss)
222 silly packumentCache full:https://registry.npmjs.org/ini set size:undefined disposed:false
223 silly fetch manifest plist@^3.1.0
224 silly packumentCache full:https://registry.npmjs.org/plist cache-miss
225 http fetch GET 200 https://registry.npmjs.org/plist 3ms (cache hit)
226 silly packumentCache full:https://registry.npmjs.org/plist set size:60755 disposed:false
227 silly fetch manifest split2@^4.2.0
228 silly packumentCache full:https://registry.npmjs.org/split2 cache-miss
229 http fetch GET 200 https://registry.npmjs.org/split2 30ms (cache miss)
230 silly packumentCache full:https://registry.npmjs.org/split2 set size:undefined disposed:false
231 silly fetch manifest through2@^4.0.2
232 silly packumentCache full:https://registry.npmjs.org/through2 cache-miss
233 http fetch GET 200 https://registry.npmjs.org/through2 24ms (cache miss)
234 silly packumentCache full:https://registry.npmjs.org/through2 set size:undefined disposed:false
235 silly fetch manifest tslib@^2.6.2
236 silly packumentCache full:https://registry.npmjs.org/tslib cache-hit
237 silly fetch manifest yauzl@^2.10.0
238 silly packumentCache full:https://registry.npmjs.org/yauzl cache-miss
239 http fetch GET 200 https://registry.npmjs.org/yauzl 36ms (cache miss)
240 silly packumentCache full:https://registry.npmjs.org/yauzl set size:undefined disposed:false
241 silly fetch manifest is-wsl@^2.2.0
242 silly packumentCache full:https://registry.npmjs.org/is-wsl cache-miss
243 http fetch GET 200 https://registry.npmjs.org/is-wsl 38ms (cache miss)
244 silly packumentCache full:https://registry.npmjs.org/is-wsl set size:undefined disposed:false
245 silly fetch manifest is-docker@^2.1.1
246 silly packumentCache full:https://registry.npmjs.org/is-docker cache-miss
247 http fetch GET 200 https://registry.npmjs.org/is-docker 26ms (cache miss)
248 silly packumentCache full:https://registry.npmjs.org/is-docker set size:undefined disposed:false
249 silly fetch manifest define-lazy-prop@^2.0.0
250 silly packumentCache full:https://registry.npmjs.org/define-lazy-prop cache-miss
251 http fetch GET 200 https://registry.npmjs.org/define-lazy-prop 25ms (cache miss)
252 silly packumentCache full:https://registry.npmjs.org/define-lazy-prop set size:undefined disposed:false
253 silly fetch manifest base64-js@^1.5.1
254 silly packumentCache full:https://registry.npmjs.org/base64-js cache-miss
255 http fetch GET 200 https://registry.npmjs.org/base64-js 26ms (cache miss)
256 silly packumentCache full:https://registry.npmjs.org/base64-js set size:undefined disposed:false
257 silly fetch manifest xmlbuilder@^15.1.1
258 silly packumentCache full:https://registry.npmjs.org/xmlbuilder cache-miss
259 http fetch GET 200 https://registry.npmjs.org/xmlbuilder 31ms (cache miss)
260 silly packumentCache full:https://registry.npmjs.org/xmlbuilder set size:undefined disposed:false
261 silly fetch manifest @xmldom/xmldom@^0.9.10
262 silly packumentCache full:https://registry.npmjs.org/@xmldom%2fxmldom cache-miss
263 http fetch GET 200 https://registry.npmjs.org/@xmldom%2fxmldom 56ms (cache miss)
264 silly packumentCache full:https://registry.npmjs.org/@xmldom%2fxmldom set size:undefined disposed:false
265 silly fetch manifest kleur@^3.0.3
266 silly packumentCache full:https://registry.npmjs.org/kleur cache-miss
267 http fetch GET 200 https://registry.npmjs.org/kleur 3ms (cache hit)
268 silly packumentCache full:https://registry.npmjs.org/kleur set size:61853 disposed:false
269 silly fetch manifest sisteransi@^1.0.5
270 silly packumentCache full:https://registry.npmjs.org/sisteransi cache-miss
271 http fetch GET 200 https://registry.npmjs.org/sisteransi 53ms (cache miss)
272 silly packumentCache full:https://registry.npmjs.org/sisteransi set size:undefined disposed:false
273 silly fetch manifest glob@^9.2.0
274 silly packumentCache full:https://registry.npmjs.org/glob cache-miss
275 http fetch GET 200 https://registry.npmjs.org/glob 41ms (cache miss)
276 silly packumentCache full:https://registry.npmjs.org/glob set size:undefined disposed:false
277 silly fetch manifest chownr@^2.0.0
278 silly packumentCache full:https://registry.npmjs.org/chownr cache-miss
279 http fetch GET 200 https://registry.npmjs.org/chownr 21ms (cache miss)
280 silly packumentCache full:https://registry.npmjs.org/chownr set size:undefined disposed:false
281 silly fetch manifest mkdirp@^1.0.3
282 silly packumentCache full:https://registry.npmjs.org/mkdirp cache-miss
283 http fetch GET 200 https://registry.npmjs.org/mkdirp 31ms (cache miss)
284 silly packumentCache full:https://registry.npmjs.org/mkdirp set size:undefined disposed:false
285 silly fetch manifest yallist@^4.0.0
286 silly packumentCache full:https://registry.npmjs.org/yallist cache-miss
287 http fetch GET 200 https://registry.npmjs.org/yallist 23ms (cache miss)
288 silly packumentCache full:https://registry.npmjs.org/yallist set size:undefined disposed:false
289 silly fetch manifest minipass@^5.0.0
290 silly packumentCache full:https://registry.npmjs.org/minipass cache-miss
291 http fetch GET 200 https://registry.npmjs.org/minipass 37ms (cache miss)
292 silly packumentCache full:https://registry.npmjs.org/minipass set size:undefined disposed:false
293 silly fetch manifest minizlib@^2.1.1
294 silly packumentCache full:https://registry.npmjs.org/minizlib cache-miss
295 http fetch GET 200 https://registry.npmjs.org/minizlib 22ms (cache miss)
296 silly packumentCache full:https://registry.npmjs.org/minizlib set size:undefined disposed:false
297 silly fetch manifest fs-minipass@^2.0.0
298 silly packumentCache full:https://registry.npmjs.org/fs-minipass cache-miss
299 http fetch GET 200 https://registry.npmjs.org/fs-minipass 27ms (cache miss)
300 silly packumentCache full:https://registry.npmjs.org/fs-minipass set size:undefined disposed:false
301 silly fetch manifest sax@>=0.6.0
302 silly packumentCache full:https://registry.npmjs.org/sax cache-miss
303 http fetch GET 200 https://registry.npmjs.org/sax 24ms (cache miss)
304 silly packumentCache full:https://registry.npmjs.org/sax set size:undefined disposed:false
305 silly fetch manifest xmlbuilder@~11.0.0
306 silly packumentCache full:https://registry.npmjs.org/xmlbuilder cache-miss
307 http fetch GET 200 https://registry.npmjs.org/xmlbuilder 3ms (cache hit)
308 silly packumentCache full:https://registry.npmjs.org/xmlbuilder set size:158707 disposed:false
309 silly placeDep ROOT @types/fs-extra@8.1.5 OK for: @ionic/utils-fs@3.1.7 want: ^8.0.0
310 silly placeDep ROOT fs-extra@9.1.0 OK for: @ionic/utils-fs@3.1.7 want: ^9.0.0
311 silly fetch manifest @types/node@*
312 silly packumentCache full:https://registry.npmjs.org/@types%2fnode cache-miss
313 http fetch GET 200 https://registry.npmjs.org/@types%2fnode 216ms (cache miss)
314 silly packumentCache full:https://registry.npmjs.org/@types%2fnode set size:undefined disposed:false
315 silly fetch manifest jsonfile@^6.0.1
316 silly packumentCache full:https://registry.npmjs.org/jsonfile cache-miss
317 http fetch GET 200 https://registry.npmjs.org/jsonfile 23ms (cache miss)
318 silly packumentCache full:https://registry.npmjs.org/jsonfile set size:undefined disposed:false
319 silly fetch manifest graceful-fs@^4.2.0
320 silly packumentCache full:https://registry.npmjs.org/graceful-fs cache-miss
321 http fetch GET 200 https://registry.npmjs.org/graceful-fs 30ms (cache miss)
322 silly packumentCache full:https://registry.npmjs.org/graceful-fs set size:undefined disposed:false
323 silly fetch manifest universalify@^2.0.0
324 silly packumentCache full:https://registry.npmjs.org/universalify cache-miss
325 http fetch GET 200 https://registry.npmjs.org/universalify 19ms (cache miss)
326 silly packumentCache full:https://registry.npmjs.org/universalify set size:undefined disposed:false
327 silly fetch manifest at-least-node@^1.0.0
328 silly packumentCache full:https://registry.npmjs.org/at-least-node cache-miss
329 http fetch GET 200 https://registry.npmjs.org/at-least-node 27ms (cache miss)
330 silly packumentCache full:https://registry.npmjs.org/at-least-node set size:undefined disposed:false
331 silly placeDep ROOT @ionic/utils-array@2.1.5 OK for: @ionic/utils-subprocess@2.1.11 want: 2.1.5
332 silly placeDep node_modules/@ionic/utils-subprocess @ionic/utils-fs@3.1.6 OK for: @ionic/utils-subprocess@2.1.11 want: 3.1.6
333 silly placeDep ROOT @ionic/utils-process@2.1.10 OK for: @ionic/utils-subprocess@2.1.11 want: 2.1.10
334 silly placeDep ROOT @ionic/utils-stream@3.1.5 OK for: @ionic/utils-subprocess@2.1.11 want: 3.1.5
335 silly placeDep node_modules/@ionic/utils-subprocess @ionic/utils-terminal@2.3.3 OK for: @ionic/utils-subprocess@2.1.11 want: 2.3.3
336 silly placeDep ROOT cross-spawn@7.0.6 OK for: @ionic/utils-subprocess@2.1.11 want: ^7.0.3
337 silly fetch manifest @ionic/utils-object@2.1.5
338 silly packumentCache full:https://registry.npmjs.org/@ionic%2futils-object cache-miss
339 http fetch GET 200 https://registry.npmjs.org/@ionic%2futils-object 33ms (cache miss)
340 silly packumentCache full:https://registry.npmjs.org/@ionic%2futils-object set size:undefined disposed:false
341 silly fetch manifest tree-kill@^1.2.2
342 silly packumentCache full:https://registry.npmjs.org/tree-kill cache-miss
343 http fetch GET 200 https://registry.npmjs.org/tree-kill 26ms (cache miss)
344 silly packumentCache full:https://registry.npmjs.org/tree-kill set size:undefined disposed:false
345 silly fetch manifest which@^2.0.1
346 silly packumentCache full:https://registry.npmjs.org/which cache-miss
347 http fetch GET 200 https://registry.npmjs.org/which 21ms (cache miss)
348 silly packumentCache full:https://registry.npmjs.org/which set size:undefined disposed:false
349 silly fetch manifest path-key@^3.1.0
350 silly packumentCache full:https://registry.npmjs.org/path-key cache-miss
351 http fetch GET 200 https://registry.npmjs.org/path-key 27ms (cache miss)
352 silly packumentCache full:https://registry.npmjs.org/path-key set size:undefined disposed:false
353 silly fetch manifest shebang-command@^2.0.0
354 silly packumentCache full:https://registry.npmjs.org/shebang-command cache-miss
355 http fetch GET 200 https://registry.npmjs.org/shebang-command 21ms (cache miss)
356 silly packumentCache full:https://registry.npmjs.org/shebang-command set size:undefined disposed:false
357 silly placeDep ROOT @ionic/utils-object@2.1.5 OK for: @ionic/utils-process@2.1.10 want: 2.1.5
358 silly placeDep node_modules/@ionic/utils-process @ionic/utils-terminal@2.3.3 OK for: @ionic/utils-process@2.1.10 want: 2.3.3
359 silly placeDep ROOT signal-exit@3.0.7 OK for: @ionic/utils-process@2.1.10 want: ^3.0.3
360 silly placeDep ROOT tree-kill@1.2.2 OK for: @ionic/utils-process@2.1.10 want: ^1.2.2
361 silly placeDep ROOT @types/slice-ansi@4.0.0 OK for: @ionic/utils-terminal@2.3.5 want: ^4.0.0
362 silly placeDep ROOT slice-ansi@4.0.0 OK for: @ionic/utils-terminal@2.3.5 want: ^4.0.0
363 silly placeDep ROOT string-width@4.2.3 OK for: @ionic/utils-terminal@2.3.5 want: ^4.1.0
364 silly placeDep ROOT strip-ansi@6.0.1 OK for: @ionic/utils-terminal@2.3.5 want: ^6.0.0
365 silly placeDep ROOT untildify@4.0.0 OK for: @ionic/utils-terminal@2.3.5 want: ^4.0.0
366 silly placeDep ROOT wrap-ansi@7.0.0 OK for: @ionic/utils-terminal@2.3.5 want: ^7.0.0
367 silly fetch manifest ansi-styles@^4.0.0
368 silly packumentCache full:https://registry.npmjs.org/ansi-styles cache-miss
369 http fetch GET 200 https://registry.npmjs.org/ansi-styles 31ms (cache miss)
370 silly packumentCache full:https://registry.npmjs.org/ansi-styles set size:undefined disposed:false
371 silly fetch manifest astral-regex@^2.0.0
372 silly packumentCache full:https://registry.npmjs.org/astral-regex cache-miss
373 http fetch GET 200 https://registry.npmjs.org/astral-regex 21ms (cache miss)
374 silly packumentCache full:https://registry.npmjs.org/astral-regex set size:undefined disposed:false
375 silly fetch manifest is-fullwidth-code-point@^3.0.0
376 silly packumentCache full:https://registry.npmjs.org/is-fullwidth-code-point cache-miss
377 http fetch GET 200 https://registry.npmjs.org/is-fullwidth-code-point 30ms (cache miss)
378 silly packumentCache full:https://registry.npmjs.org/is-fullwidth-code-point set size:undefined disposed:false
379 silly fetch manifest strip-ansi@^6.0.1
380 silly packumentCache full:https://registry.npmjs.org/strip-ansi cache-miss
381 http fetch GET 200 https://registry.npmjs.org/strip-ansi 3ms (cache hit)
382 silly packumentCache full:https://registry.npmjs.org/strip-ansi set size:44998 disposed:false
383 silly fetch manifest emoji-regex@^8.0.0
384 silly packumentCache full:https://registry.npmjs.org/emoji-regex cache-miss
385 http fetch GET 200 https://registry.npmjs.org/emoji-regex 24ms (cache miss)
386 silly packumentCache full:https://registry.npmjs.org/emoji-regex set size:undefined disposed:false
387 silly fetch manifest ansi-regex@^5.0.1
388 silly packumentCache full:https://registry.npmjs.org/ansi-regex cache-miss
389 http fetch GET 200 https://registry.npmjs.org/ansi-regex 28ms (cache miss)
390 silly packumentCache full:https://registry.npmjs.org/ansi-regex set size:undefined disposed:false
391 silly placeDep ROOT @types/node@26.2.0 OK for: @types/fs-extra@8.1.5 want: *
392 silly fetch manifest undici-types@~8.3.0
393 silly packumentCache full:https://registry.npmjs.org/undici-types cache-miss
394 http fetch GET 200 https://registry.npmjs.org/undici-types 27ms (cache miss)
395 silly packumentCache full:https://registry.npmjs.org/undici-types set size:undefined disposed:false
396 silly placeDep ROOT undici-types@8.3.0 OK for: @types/node@26.2.0 want: ~8.3.0
397 silly placeDep ROOT path-key@3.1.1 OK for: cross-spawn@7.0.6 want: ^3.1.0
398 silly placeDep ROOT shebang-command@2.0.0 OK for: cross-spawn@7.0.6 want: ^2.0.0
399 silly placeDep ROOT which@2.0.2 OK for: cross-spawn@7.0.6 want: ^2.0.1
400 silly fetch manifest shebang-regex@^3.0.0
401 silly packumentCache full:https://registry.npmjs.org/shebang-regex cache-miss
402 http fetch GET 200 https://registry.npmjs.org/shebang-regex 30ms (cache miss)
403 silly packumentCache full:https://registry.npmjs.org/shebang-regex set size:undefined disposed:false
404 silly fetch manifest isexe@^2.0.0
405 silly packumentCache full:https://registry.npmjs.org/isexe cache-miss
406 http fetch GET 200 https://registry.npmjs.org/isexe 21ms (cache miss)
407 silly packumentCache full:https://registry.npmjs.org/isexe set size:undefined disposed:false
408 silly placeDep ROOT ms@2.1.3 OK for: debug@4.4.3 want: ^2.1.3
409 silly placeDep ROOT at-least-node@1.0.0 OK for: fs-extra@9.1.0 want: ^1.0.0
410 silly placeDep ROOT graceful-fs@4.2.11 OK for: fs-extra@9.1.0 want: ^4.2.0
411 silly placeDep ROOT jsonfile@6.2.1 OK for: fs-extra@9.1.0 want: ^6.0.1
412 silly placeDep ROOT universalify@2.0.1 OK for: fs-extra@9.1.0 want: ^2.0.0
413 silly placeDep ROOT bplist-parser@0.3.2 OK for: native-run@2.0.3 want: ^0.3.2
414 silly placeDep ROOT elementtree@0.1.7 OK for: native-run@2.0.3 want: ^0.1.7
415 silly placeDep ROOT ini@4.1.3 OK for: native-run@2.0.3 want: ^4.1.1
416 silly placeDep ROOT split2@4.2.0 OK for: native-run@2.0.3 want: ^4.2.0
417 silly placeDep ROOT through2@4.0.2 OK for: native-run@2.0.3 want: ^4.0.2
418 silly placeDep ROOT yauzl@2.10.0 OK for: native-run@2.0.3 want: ^2.10.0
419 silly fetch manifest big-integer@1.6.x
420 silly packumentCache full:https://registry.npmjs.org/big-integer cache-miss
421 http fetch GET 200 https://registry.npmjs.org/big-integer 36ms (cache miss)
422 silly packumentCache full:https://registry.npmjs.org/big-integer set size:undefined disposed:false
423 silly fetch manifest sax@1.1.4
424 silly packumentCache full:https://registry.npmjs.org/sax cache-miss
425 http fetch GET 200 https://registry.npmjs.org/sax 3ms (cache hit)
426 silly packumentCache full:https://registry.npmjs.org/sax set size:92982 disposed:false
427 silly fetch manifest readable-stream@3
428 silly packumentCache full:https://registry.npmjs.org/readable-stream cache-miss
429 http fetch GET 200 https://registry.npmjs.org/readable-stream 27ms (cache miss)
430 silly packumentCache full:https://registry.npmjs.org/readable-stream set size:undefined disposed:false
431 silly fetch manifest fd-slicer@~1.1.0
432 silly packumentCache full:https://registry.npmjs.org/fd-slicer cache-miss
433 http fetch GET 200 https://registry.npmjs.org/fd-slicer 29ms (cache miss)
434 silly packumentCache full:https://registry.npmjs.org/fd-slicer set size:undefined disposed:false
435 silly fetch manifest buffer-crc32@~0.2.3
436 silly packumentCache full:https://registry.npmjs.org/buffer-crc32 cache-miss
437 http fetch GET 200 https://registry.npmjs.org/buffer-crc32 22ms (cache miss)
438 silly packumentCache full:https://registry.npmjs.org/buffer-crc32 set size:undefined disposed:false
439 silly placeDep ROOT big-integer@1.6.52 OK for: bplist-parser@0.3.2 want: 1.6.x
440 silly placeDep ROOT sax@1.1.4 OK for: elementtree@0.1.7 want: 1.1.4
441 silly placeDep ROOT define-lazy-prop@2.0.0 OK for: open@8.4.2 want: ^2.0.0
442 silly placeDep ROOT is-docker@2.2.1 OK for: open@8.4.2 want: ^2.1.1
443 silly placeDep ROOT is-wsl@2.2.0 OK for: open@8.4.2 want: ^2.2.0
444 silly placeDep ROOT @xmldom/xmldom@0.9.10 OK for: plist@3.1.1 want: ^0.9.10
445 silly placeDep ROOT base64-js@1.5.1 OK for: plist@3.1.1 want: ^1.5.1
446 silly placeDep ROOT xmlbuilder@15.1.1 OK for: plist@3.1.1 want: ^15.1.1
447 silly placeDep node_modules/prompts kleur@3.0.3 OK for: prompts@2.4.2 want: ^3.0.3
448 silly placeDep ROOT sisteransi@1.0.5 OK for: prompts@2.4.2 want: ^1.0.5
449 silly placeDep ROOT glob@9.3.5 OK for: rimraf@4.4.1 want: ^9.2.0
450 silly fetch manifest minipass@^4.2.4
451 silly packumentCache full:https://registry.npmjs.org/minipass cache-miss
452 http fetch GET 200 https://registry.npmjs.org/minipass 4ms (cache hit)
453 silly packumentCache full:https://registry.npmjs.org/minipass set size:276925 disposed:false
454 silly fetch manifest minimatch@^8.0.2
455 silly packumentCache full:https://registry.npmjs.org/minimatch cache-miss
456 http fetch GET 200 https://registry.npmjs.org/minimatch 41ms (cache miss)
457 silly packumentCache full:https://registry.npmjs.org/minimatch set size:undefined disposed:false
458 silly fetch manifest fs.realpath@^1.0.0
459 silly packumentCache full:https://registry.npmjs.org/fs.realpath cache-miss
460 http fetch GET 200 https://registry.npmjs.org/fs.realpath 20ms (cache miss)
461 silly packumentCache full:https://registry.npmjs.org/fs.realpath set size:undefined disposed:false
462 silly fetch manifest path-scurry@^1.6.1
463 silly packumentCache full:https://registry.npmjs.org/path-scurry cache-miss
464 http fetch GET 200 https://registry.npmjs.org/path-scurry 31ms (cache miss)
465 silly packumentCache full:https://registry.npmjs.org/path-scurry set size:undefined disposed:false
466 silly placeDep ROOT fs.realpath@1.0.0 OK for: glob@9.3.5 want: ^1.0.0
467 silly placeDep ROOT minimatch@8.0.7 OK for: glob@9.3.5 want: ^8.0.2
468 silly placeDep ROOT minipass@4.2.8 OK for: glob@9.3.5 want: ^4.2.4
469 silly placeDep ROOT path-scurry@1.11.1 OK for: glob@9.3.5 want: ^1.6.1
470 silly fetch manifest brace-expansion@^2.0.1
471 silly packumentCache full:https://registry.npmjs.org/brace-expansion cache-miss
472 http fetch GET 200 https://registry.npmjs.org/brace-expansion 27ms (cache miss)
473 silly packumentCache full:https://registry.npmjs.org/brace-expansion set size:undefined disposed:false
474 silly fetch manifest minipass@^5.0.0 || ^6.0.2 || ^7.0.0
475 silly packumentCache full:https://registry.npmjs.org/minipass cache-hit
476 silly fetch manifest lru-cache@^10.2.0
477 silly packumentCache full:https://registry.npmjs.org/lru-cache cache-miss
478 http fetch GET 200 https://registry.npmjs.org/lru-cache 39ms (cache miss)
479 silly packumentCache full:https://registry.npmjs.org/lru-cache set size:undefined disposed:false
480 silly placeDep ROOT brace-expansion@2.1.4 OK for: minimatch@8.0.7 want: ^2.0.1
481 silly fetch manifest balanced-match@^1.0.0
482 silly packumentCache full:https://registry.npmjs.org/balanced-match cache-miss
483 http fetch GET 200 https://registry.npmjs.org/balanced-match 22ms (cache miss)
484 silly packumentCache full:https://registry.npmjs.org/balanced-match set size:undefined disposed:false
485 silly placeDep ROOT balanced-match@1.0.2 OK for: brace-expansion@2.1.4 want: ^1.0.0
486 silly placeDep ROOT lru-cache@10.4.3 OK for: path-scurry@1.11.1 want: ^10.2.0
487 silly placeDep node_modules/path-scurry minipass@7.1.3 OK for: path-scurry@1.11.1 want: ^5.0.0 || ^6.0.2 || ^7.0.0
488 silly placeDep ROOT shebang-regex@3.0.0 OK for: shebang-command@2.0.0 want: ^3.0.0
489 silly placeDep ROOT ansi-styles@4.3.0 OK for: slice-ansi@4.0.0 want: ^4.0.0
490 silly placeDep ROOT astral-regex@2.0.0 OK for: slice-ansi@4.0.0 want: ^2.0.0
491 silly placeDep ROOT is-fullwidth-code-point@3.0.0 OK for: slice-ansi@4.0.0 want: ^3.0.0
492 silly fetch manifest color-convert@^2.0.1
493 silly packumentCache full:https://registry.npmjs.org/color-convert cache-miss
494 http fetch GET 200 https://registry.npmjs.org/color-convert 29ms (cache miss)
495 silly packumentCache full:https://registry.npmjs.org/color-convert set size:undefined disposed:false
496 silly placeDep ROOT color-convert@2.0.1 OK for: ansi-styles@4.3.0 want: ^2.0.1
497 silly fetch manifest color-name@~1.1.4
498 silly packumentCache full:https://registry.npmjs.org/color-name cache-miss
499 http fetch GET 200 https://registry.npmjs.org/color-name 19ms (cache miss)
500 silly packumentCache full:https://registry.npmjs.org/color-name set size:undefined disposed:false
501 silly placeDep ROOT color-name@1.1.4 OK for: color-convert@2.0.1 want: ~1.1.4
502 silly placeDep ROOT emoji-regex@8.0.0 OK for: string-width@4.2.3 want: ^8.0.0
503 silly placeDep ROOT ansi-regex@5.0.1 OK for: strip-ansi@6.0.1 want: ^5.0.1
504 silly placeDep ROOT chownr@2.0.0 OK for: tar@6.2.1 want: ^2.0.0
505 silly placeDep ROOT fs-minipass@2.1.0 OK for: tar@6.2.1 want: ^2.0.0
506 silly placeDep node_modules/tar minipass@5.0.0 OK for: tar@6.2.1 want: ^5.0.0
507 silly placeDep ROOT minizlib@2.1.2 OK for: tar@6.2.1 want: ^2.1.1
508 silly placeDep ROOT mkdirp@1.0.4 OK for: tar@6.2.1 want: ^1.0.3
509 silly placeDep ROOT yallist@4.0.0 OK for: tar@6.2.1 want: ^4.0.0
510 silly fetch manifest minipass@^3.0.0
511 silly packumentCache full:https://registry.npmjs.org/minipass cache-hit
512 silly placeDep node_modules/fs-minipass minipass@3.3.6 OK for: fs-minipass@2.1.0 want: ^3.0.0
513 silly placeDep node_modules/minizlib minipass@3.3.6 OK for: minizlib@2.1.2 want: ^3.0.0
514 silly placeDep ROOT readable-stream@3.6.2 OK for: through2@4.0.2 want: 3
515 silly fetch manifest inherits@^2.0.3
516 silly packumentCache full:https://registry.npmjs.org/inherits cache-miss
517 http fetch GET 200 https://registry.npmjs.org/inherits 26ms (cache miss)
518 silly packumentCache full:https://registry.npmjs.org/inherits set size:undefined disposed:false
519 silly fetch manifest string_decoder@^1.1.1
520 silly packumentCache full:https://registry.npmjs.org/string_decoder cache-miss
521 http fetch GET 200 https://registry.npmjs.org/string_decoder 21ms (cache miss)
522 silly packumentCache full:https://registry.npmjs.org/string_decoder set size:undefined disposed:false
523 silly fetch manifest util-deprecate@^1.0.1
524 silly packumentCache full:https://registry.npmjs.org/util-deprecate cache-miss
525 http fetch GET 200 https://registry.npmjs.org/util-deprecate 29ms (cache miss)
526 silly packumentCache full:https://registry.npmjs.org/util-deprecate set size:undefined disposed:false
527 silly placeDep ROOT inherits@2.0.4 OK for: readable-stream@3.6.2 want: ^2.0.3
528 silly placeDep ROOT string_decoder@1.3.0 OK for: readable-stream@3.6.2 want: ^1.1.1
529 silly placeDep ROOT util-deprecate@1.0.2 OK for: readable-stream@3.6.2 want: ^1.0.1
530 silly fetch manifest safe-buffer@~5.2.0
531 silly packumentCache full:https://registry.npmjs.org/safe-buffer cache-miss
532 http fetch GET 200 https://registry.npmjs.org/safe-buffer 25ms (cache miss)
533 silly packumentCache full:https://registry.npmjs.org/safe-buffer set size:undefined disposed:false
534 silly placeDep ROOT safe-buffer@5.2.1 OK for: string_decoder@1.3.0 want: ~5.2.0
535 silly placeDep ROOT isexe@2.0.0 OK for: which@2.0.2 want: ^2.0.0
536 silly placeDep node_modules/xml2js xmlbuilder@11.0.1 OK for: xml2js@0.5.0 want: ~11.0.0
537 silly placeDep ROOT buffer-crc32@0.2.13 OK for: yauzl@2.10.0 want: ~0.2.3
538 silly placeDep ROOT fd-slicer@1.1.0 OK for: yauzl@2.10.0 want: ~1.1.0
539 silly fetch manifest pend@~1.2.0
540 silly packumentCache full:https://registry.npmjs.org/pend cache-miss
541 http fetch GET 200 https://registry.npmjs.org/pend 30ms (cache miss)
542 silly packumentCache full:https://registry.npmjs.org/pend set size:undefined disposed:false
543 silly placeDep ROOT pend@1.2.0 OK for: fd-slicer@1.1.0 want: ~1.2.0
544 silly reify moves {}
545 silly tarball no local data for fd-slicer@https://registry.npmjs.org/fd-slicer/-/fd-slicer-1.1.0.tgz. Extracting by manifest.
546 silly tarball no local data for buffer-crc32@https://registry.npmjs.org/buffer-crc32/-/buffer-crc32-0.2.13.tgz. Extracting by manifest.
547 silly tarball no local data for isexe@https://registry.npmjs.org/isexe/-/isexe-2.0.0.tgz. Extracting by manifest.
548 silly tarball no local data for pend@https://registry.npmjs.org/pend/-/pend-1.2.0.tgz. Extracting by manifest.
549 silly tarball no local data for safe-buffer@https://registry.npmjs.org/safe-buffer/-/safe-buffer-5.2.1.tgz. Extracting by manifest.
550 silly tarball no local data for string_decoder@https://registry.npmjs.org/string_decoder/-/string_decoder-1.3.0.tgz. Extracting by manifest.
551 silly tarball no local data for util-deprecate@https://registry.npmjs.org/util-deprecate/-/util-deprecate-1.0.2.tgz. Extracting by manifest.
552 silly tarball no local data for inherits@https://registry.npmjs.org/inherits/-/inherits-2.0.4.tgz. Extracting by manifest.
553 silly tarball no local data for readable-stream@https://registry.npmjs.org/readable-stream/-/readable-stream-3.6.2.tgz. Extracting by manifest.
554 silly tarball no local data for yallist@https://registry.npmjs.org/yallist/-/yallist-4.0.0.tgz. Extracting by manifest.
555 silly tarball no local data for mkdirp@https://registry.npmjs.org/mkdirp/-/mkdirp-1.0.4.tgz. Extracting by manifest.
556 silly tarball no local data for minizlib@https://registry.npmjs.org/minizlib/-/minizlib-2.1.2.tgz. Extracting by manifest.
557 silly tarball no local data for fs-minipass@https://registry.npmjs.org/fs-minipass/-/fs-minipass-2.1.0.tgz. Extracting by manifest.
558 silly tarball no local data for chownr@https://registry.npmjs.org/chownr/-/chownr-2.0.0.tgz. Extracting by manifest.
559 silly tarball no local data for ansi-regex@https://registry.npmjs.org/ansi-regex/-/ansi-regex-5.0.1.tgz. Extracting by manifest.
560 silly tarball no local data for emoji-regex@https://registry.npmjs.org/emoji-regex/-/emoji-regex-8.0.0.tgz. Extracting by manifest.
561 silly tarball no local data for color-name@https://registry.npmjs.org/color-name/-/color-name-1.1.4.tgz. Extracting by manifest.
562 silly tarball no local data for color-convert@https://registry.npmjs.org/color-convert/-/color-convert-2.0.1.tgz. Extracting by manifest.
563 silly tarball no local data for is-fullwidth-code-point@https://registry.npmjs.org/is-fullwidth-code-point/-/is-fullwidth-code-point-3.0.0.tgz. Extracting by manifest.
564 silly tarball no local data for astral-regex@https://registry.npmjs.org/astral-regex/-/astral-regex-2.0.0.tgz. Extracting by manifest.
565 silly tarball no local data for ansi-styles@https://registry.npmjs.org/ansi-styles/-/ansi-styles-4.3.0.tgz. Extracting by manifest.
566 silly tarball no local data for shebang-regex@https://registry.npmjs.org/shebang-regex/-/shebang-regex-3.0.0.tgz. Extracting by manifest.
567 silly tarball no local data for lru-cache@https://registry.npmjs.org/lru-cache/-/lru-cache-10.4.3.tgz. Extracting by manifest.
568 silly tarball no local data for balanced-match@https://registry.npmjs.org/balanced-match/-/balanced-match-1.0.2.tgz. Extracting by manifest.
569 silly tarball no local data for brace-expansion@https://registry.npmjs.org/brace-expansion/-/brace-expansion-2.1.4.tgz. Extracting by manifest.
570 silly tarball no local data for path-scurry@https://registry.npmjs.org/path-scurry/-/path-scurry-1.11.1.tgz. Extracting by manifest.
571 silly tarball no local data for minipass@https://registry.npmjs.org/minipass/-/minipass-4.2.8.tgz. Extracting by manifest.
572 silly tarball no local data for minimatch@https://registry.npmjs.org/minimatch/-/minimatch-8.0.7.tgz. Extracting by manifest.
573 silly tarball no local data for fs.realpath@https://registry.npmjs.org/fs.realpath/-/fs.realpath-1.0.0.tgz. Extracting by manifest.
574 silly tarball no local data for glob@https://registry.npmjs.org/glob/-/glob-9.3.5.tgz. Extracting by manifest.
575 silly tarball no local data for sisteransi@https://registry.npmjs.org/sisteransi/-/sisteransi-1.0.5.tgz. Extracting by manifest.
576 silly tarball no local data for xmlbuilder@https://registry.npmjs.org/xmlbuilder/-/xmlbuilder-15.1.1.tgz. Extracting by manifest.
577 silly tarball no local data for base64-js@https://registry.npmjs.org/base64-js/-/base64-js-1.5.1.tgz. Extracting by manifest.
578 silly tarball no local data for @xmldom/xmldom@https://registry.npmjs.org/@xmldom/xmldom/-/xmldom-0.9.10.tgz. Extracting by manifest.
579 silly tarball no local data for is-wsl@https://registry.npmjs.org/is-wsl/-/is-wsl-2.2.0.tgz. Extracting by manifest.
580 silly tarball no local data for is-docker@https://registry.npmjs.org/is-docker/-/is-docker-2.2.1.tgz. Extracting by manifest.
581 silly tarball no local data for define-lazy-prop@https://registry.npmjs.org/define-lazy-prop/-/define-lazy-prop-2.0.0.tgz. Extracting by manifest.
582 silly tarball no local data for sax@https://registry.npmjs.org/sax/-/sax-1.1.4.tgz. Extracting by manifest.
583 silly tarball no local data for big-integer@https://registry.npmjs.org/big-integer/-/big-integer-1.6.52.tgz. Extracting by manifest.
584 silly tarball no local data for yauzl@https://registry.npmjs.org/yauzl/-/yauzl-2.10.0.tgz. Extracting by manifest.
585 silly tarball no local data for through2@https://registry.npmjs.org/through2/-/through2-4.0.2.tgz. Extracting by manifest.
586 silly tarball no local data for split2@https://registry.npmjs.org/split2/-/split2-4.2.0.tgz. Extracting by manifest.
587 silly tarball no local data for ini@https://registry.npmjs.org/ini/-/ini-4.1.3.tgz. Extracting by manifest.
588 silly tarball no local data for elementtree@https://registry.npmjs.org/elementtree/-/elementtree-0.1.7.tgz. Extracting by manifest.
589 silly tarball no local data for bplist-parser@https://registry.npmjs.org/bplist-parser/-/bplist-parser-0.3.2.tgz. Extracting by manifest.
590 silly tarball no local data for universalify@https://registry.npmjs.org/universalify/-/universalify-2.0.1.tgz. Extracting by manifest.
591 silly tarball no local data for jsonfile@https://registry.npmjs.org/jsonfile/-/jsonfile-6.2.1.tgz. Extracting by manifest.
592 silly tarball no local data for graceful-fs@https://registry.npmjs.org/graceful-fs/-/graceful-fs-4.2.11.tgz. Extracting by manifest.
593 silly tarball no local data for at-least-node@https://registry.npmjs.org/at-least-node/-/at-least-node-1.0.0.tgz. Extracting by manifest.
594 silly tarball no local data for ms@https://registry.npmjs.org/ms/-/ms-2.1.3.tgz. Extracting by manifest.
595 silly tarball no local data for which@https://registry.npmjs.org/which/-/which-2.0.2.tgz. Extracting by manifest.
596 silly tarball no local data for shebang-command@https://registry.npmjs.org/shebang-command/-/shebang-command-2.0.0.tgz. Extracting by manifest.
597 silly tarball no local data for path-key@https://registry.npmjs.org/path-key/-/path-key-3.1.1.tgz. Extracting by manifest.
598 silly tarball no local data for undici-types@https://registry.npmjs.org/undici-types/-/undici-types-8.3.0.tgz. Extracting by manifest.
599 silly tarball no local data for @types/node@https://registry.npmjs.org/@types/node/-/node-26.2.0.tgz. Extracting by manifest.
600 silly tarball no local data for wrap-ansi@https://registry.npmjs.org/wrap-ansi/-/wrap-ansi-7.0.0.tgz. Extracting by manifest.
601 silly tarball no local data for untildify@https://registry.npmjs.org/untildify/-/untildify-4.0.0.tgz. Extracting by manifest.
602 silly tarball no local data for strip-ansi@https://registry.npmjs.org/strip-ansi/-/strip-ansi-6.0.1.tgz. Extracting by manifest.
603 silly tarball no local data for string-width@https://registry.npmjs.org/string-width/-/string-width-4.2.3.tgz. Extracting by manifest.
604 silly tarball no local data for slice-ansi@https://registry.npmjs.org/slice-ansi/-/slice-ansi-4.0.0.tgz. Extracting by manifest.
605 silly tarball no local data for @types/slice-ansi@https://registry.npmjs.org/@types/slice-ansi/-/slice-ansi-4.0.0.tgz. Extracting by manifest.
606 silly tarball no local data for tree-kill@https://registry.npmjs.org/tree-kill/-/tree-kill-1.2.2.tgz. Extracting by manifest.
607 silly tarball no local data for signal-exit@https://registry.npmjs.org/signal-exit/-/signal-exit-3.0.7.tgz. Extracting by manifest.
608 silly tarball no local data for @ionic/utils-object@https://registry.npmjs.org/@ionic/utils-object/-/utils-object-2.1.5.tgz. Extracting by manifest.
609 silly tarball no local data for cross-spawn@https://registry.npmjs.org/cross-spawn/-/cross-spawn-7.0.6.tgz. Extracting by manifest.
610 silly tarball no local data for @ionic/utils-stream@https://registry.npmjs.org/@ionic/utils-stream/-/utils-stream-3.1.5.tgz. Extracting by manifest.
611 silly tarball no local data for @ionic/utils-process@https://registry.npmjs.org/@ionic/utils-process/-/utils-process-2.1.10.tgz. Extracting by manifest.
612 silly tarball no local data for @ionic/utils-array@https://registry.npmjs.org/@ionic/utils-array/-/utils-array-2.1.5.tgz. Extracting by manifest.
613 silly tarball no local data for fs-extra@https://registry.npmjs.org/fs-extra/-/fs-extra-9.1.0.tgz. Extracting by manifest.
614 silly tarball no local data for @types/fs-extra@https://registry.npmjs.org/@types/fs-extra/-/fs-extra-8.1.5.tgz. Extracting by manifest.
615 silly tarball no local data for xml2js@https://registry.npmjs.org/xml2js/-/xml2js-0.5.0.tgz. Extracting by manifest.
616 silly tarball no local data for tslib@https://registry.npmjs.org/tslib/-/tslib-2.8.1.tgz. Extracting by manifest.
617 silly tarball no local data for tar@https://registry.npmjs.org/tar/-/tar-6.2.1.tgz. Extracting by manifest.
618 silly tarball no local data for semver@https://registry.npmjs.org/semver/-/semver-7.8.5.tgz. Extracting by manifest.
619 silly tarball no local data for rimraf@https://registry.npmjs.org/rimraf/-/rimraf-4.4.1.tgz. Extracting by manifest.
620 silly tarball no local data for prompts@https://registry.npmjs.org/prompts/-/prompts-2.4.2.tgz. Extracting by manifest.
621 silly tarball no local data for plist@https://registry.npmjs.org/plist/-/plist-3.1.1.tgz. Extracting by manifest.
622 silly tarball no local data for open@https://registry.npmjs.org/open/-/open-8.4.2.tgz. Extracting by manifest.
623 silly tarball no local data for native-run@https://registry.npmjs.org/native-run/-/native-run-2.0.3.tgz. Extracting by manifest.
624 silly tarball no local data for kleur@https://registry.npmjs.org/kleur/-/kleur-4.1.5.tgz. Extracting by manifest.
625 silly tarball no local data for env-paths@https://registry.npmjs.org/env-paths/-/env-paths-2.2.1.tgz. Extracting by manifest.
626 silly tarball no local data for debug@https://registry.npmjs.org/debug/-/debug-4.4.3.tgz. Extracting by manifest.
627 silly tarball no local data for commander@https://registry.npmjs.org/commander/-/commander-9.5.0.tgz. Extracting by manifest.
628 silly tarball no local data for @ionic/utils-terminal@https://registry.npmjs.org/@ionic/utils-terminal/-/utils-terminal-2.3.5.tgz. Extracting by manifest.
629 silly tarball no local data for @ionic/utils-subprocess@https://registry.npmjs.org/@ionic/utils-subprocess/-/utils-subprocess-2.1.11.tgz. Extracting by manifest.
630 silly tarball no local data for @ionic/utils-fs@https://registry.npmjs.org/@ionic/utils-fs/-/utils-fs-3.1.7.tgz. Extracting by manifest.
631 silly tarball no local data for @ionic/cli-framework-output@https://registry.npmjs.org/@ionic/cli-framework-output/-/cli-framework-output-2.2.8.tgz. Extracting by manifest.
632 silly tarball no local data for @capacitor/status-bar@https://registry.npmjs.org/@capacitor/status-bar/-/status-bar-6.0.3.tgz. Extracting by manifest.
633 silly tarball no local data for @capacitor/splash-screen@https://registry.npmjs.org/@capacitor/splash-screen/-/splash-screen-6.0.4.tgz. Extracting by manifest.
634 silly tarball no local data for @capacitor/keyboard@https://registry.npmjs.org/@capacitor/keyboard/-/keyboard-6.0.4.tgz. Extracting by manifest.
635 silly tarball no local data for @capacitor/cli@https://registry.npmjs.org/@capacitor/cli/-/cli-6.2.1.tgz. Extracting by manifest.
636 silly tarball no local data for @capacitor/app@https://registry.npmjs.org/@capacitor/app/-/app-6.0.3.tgz. Extracting by manifest.
637 silly tarball no local data for @capacitor/core@https://registry.npmjs.org/@capacitor/core/-/core-6.2.1.tgz. Extracting by manifest.
638 silly tarball no local data for @capacitor/android@https://registry.npmjs.org/@capacitor/android/-/android-6.2.1.tgz. Extracting by manifest.
639 silly tarball no local data for minipass@https://registry.npmjs.org/minipass/-/minipass-3.3.6.tgz. Extracting by manifest.
640 silly tarball no local data for minipass@https://registry.npmjs.org/minipass/-/minipass-3.3.6.tgz. Extracting by manifest.
641 silly tarball no local data for minipass@https://registry.npmjs.org/minipass/-/minipass-7.1.3.tgz. Extracting by manifest.
642 silly tarball no local data for @ionic/utils-terminal@https://registry.npmjs.org/@ionic/utils-terminal/-/utils-terminal-2.3.3.tgz. Extracting by manifest.
643 silly tarball no local data for xmlbuilder@https://registry.npmjs.org/xmlbuilder/-/xmlbuilder-11.0.1.tgz. Extracting by manifest.
644 silly tarball no local data for minipass@https://registry.npmjs.org/minipass/-/minipass-5.0.0.tgz. Extracting by manifest.
645 silly tarball no local data for kleur@https://registry.npmjs.org/kleur/-/kleur-3.0.3.tgz. Extracting by manifest.
646 silly tarball no local data for @ionic/utils-terminal@https://registry.npmjs.org/@ionic/utils-terminal/-/utils-terminal-2.3.3.tgz. Extracting by manifest.
647 silly tarball no local data for @ionic/utils-fs@https://registry.npmjs.org/@ionic/utils-fs/-/utils-fs-3.1.6.tgz. Extracting by manifest.
648 http fetch GET 200 https://registry.npmjs.org/fd-slicer/-/fd-slicer-1.1.0.tgz 225ms (cache miss)
649 http fetch GET 200 https://registry.npmjs.org/buffer-crc32/-/buffer-crc32-0.2.13.tgz 225ms (cache miss)
650 http fetch GET 200 https://registry.npmjs.org/emoji-regex/-/emoji-regex-8.0.0.tgz 299ms (cache miss)
651 http fetch GET 200 https://registry.npmjs.org/color-name/-/color-name-1.1.4.tgz 455ms (cache miss)
652 http fetch GET 200 https://registry.npmjs.org/color-convert/-/color-convert-2.0.1.tgz 491ms (cache miss)
653 http fetch GET 200 https://registry.npmjs.org/astral-regex/-/astral-regex-2.0.0.tgz 557ms (cache miss)
654 http fetch GET 200 https://registry.npmjs.org/inherits/-/inherits-2.0.4.tgz 610ms (cache miss)
655 http fetch GET 200 https://registry.npmjs.org/is-fullwidth-code-point/-/is-fullwidth-code-point-3.0.0.tgz 601ms (cache miss)
656 http fetch GET 200 https://registry.npmjs.org/ansi-regex/-/ansi-regex-5.0.1.tgz 606ms (cache miss)
657 http fetch GET 200 https://registry.npmjs.org/util-deprecate/-/util-deprecate-1.0.2.tgz 628ms (cache miss)
658 http fetch GET 200 https://registry.npmjs.org/is-wsl/-/is-wsl-2.2.0.tgz 609ms (cache miss)
659 http fetch GET 200 https://registry.npmjs.org/string_decoder/-/string_decoder-1.3.0.tgz 639ms (cache miss)
660 http fetch GET 200 https://registry.npmjs.org/is-docker/-/is-docker-2.2.1.tgz 619ms (cache miss)
661 http fetch GET 200 https://registry.npmjs.org/yallist/-/yallist-4.0.0.tgz 643ms (cache miss)
662 http fetch GET 200 https://registry.npmjs.org/fs-minipass/-/fs-minipass-2.1.0.tgz 641ms (cache miss)
663 http fetch GET 200 https://registry.npmjs.org/isexe/-/isexe-2.0.0.tgz 648ms (cache miss)
664 http fetch GET 200 https://registry.npmjs.org/balanced-match/-/balanced-match-1.0.2.tgz 634ms (cache miss)
665 http fetch GET 200 https://registry.npmjs.org/chownr/-/chownr-2.0.0.tgz 642ms (cache miss)
666 http fetch GET 200 https://registry.npmjs.org/base64-js/-/base64-js-1.5.1.tgz 627ms (cache miss)
667 http fetch GET 200 https://registry.npmjs.org/ansi-styles/-/ansi-styles-4.3.0.tgz 643ms (cache miss)
668 http fetch GET 200 https://registry.npmjs.org/pend/-/pend-1.2.0.tgz 656ms (cache miss)
669 http fetch GET 200 https://registry.npmjs.org/shebang-regex/-/shebang-regex-3.0.0.tgz 643ms (cache miss)
670 http fetch GET 200 https://registry.npmjs.org/sisteransi/-/sisteransi-1.0.5.tgz 636ms (cache miss)
671 http fetch GET 200 https://registry.npmjs.org/brace-expansion/-/brace-expansion-2.1.4.tgz 649ms (cache miss)
672 http fetch GET 200 https://registry.npmjs.org/fs.realpath/-/fs.realpath-1.0.0.tgz 644ms (cache miss)
673 http fetch GET 200 https://registry.npmjs.org/define-lazy-prop/-/define-lazy-prop-2.0.0.tgz 640ms (cache miss)
674 http fetch GET 200 https://registry.npmjs.org/graceful-fs/-/graceful-fs-4.2.11.tgz 632ms (cache miss)
675 http fetch GET 200 https://registry.npmjs.org/jsonfile/-/jsonfile-6.2.1.tgz 634ms (cache miss)
676 http fetch GET 200 https://registry.npmjs.org/mkdirp/-/mkdirp-1.0.4.tgz 665ms (cache miss)
677 http fetch GET 200 https://registry.npmjs.org/at-least-node/-/at-least-node-1.0.0.tgz 638ms (cache miss)
678 http fetch GET 200 https://registry.npmjs.org/shebang-command/-/shebang-command-2.0.0.tgz 637ms (cache miss)
679 http fetch GET 200 https://registry.npmjs.org/minizlib/-/minizlib-2.1.2.tgz 670ms (cache miss)
680 http fetch GET 200 https://registry.npmjs.org/sax/-/sax-1.1.4.tgz 651ms (cache miss)
681 http fetch GET 200 https://registry.npmjs.org/through2/-/through2-4.0.2.tgz 650ms (cache miss)
682 http fetch GET 200 https://registry.npmjs.org/ini/-/ini-4.1.3.tgz 649ms (cache miss)
683 http fetch GET 200 https://registry.npmjs.org/universalify/-/universalify-2.0.1.tgz 648ms (cache miss)
684 http fetch GET 200 https://registry.npmjs.org/which/-/which-2.0.2.tgz 644ms (cache miss)
685 http fetch GET 200 https://registry.npmjs.org/path-key/-/path-key-3.1.1.tgz 648ms (cache miss)
686 http fetch GET 200 https://registry.npmjs.org/untildify/-/untildify-4.0.0.tgz 646ms (cache miss)
687 http fetch GET 200 https://registry.npmjs.org/@types/slice-ansi/-/slice-ansi-4.0.0.tgz 637ms (cache miss)
688 http fetch GET 200 https://registry.npmjs.org/split2/-/split2-4.2.0.tgz 661ms (cache miss)
689 http fetch GET 200 https://registry.npmjs.org/slice-ansi/-/slice-ansi-4.0.0.tgz 641ms (cache miss)
690 http fetch GET 200 https://registry.npmjs.org/string-width/-/string-width-4.2.3.tgz 651ms (cache miss)
691 http fetch GET 200 https://registry.npmjs.org/kleur/-/kleur-4.1.5.tgz 619ms (cache miss)
692 http fetch GET 200 https://registry.npmjs.org/open/-/open-8.4.2.tgz 621ms (cache miss)
693 http fetch GET 200 https://registry.npmjs.org/debug/-/debug-4.4.3.tgz 618ms (cache miss)
694 http fetch GET 200 https://registry.npmjs.org/strip-ansi/-/strip-ansi-6.0.1.tgz 655ms (cache miss)
695 http fetch GET 200 https://registry.npmjs.org/tree-kill/-/tree-kill-1.2.2.tgz 642ms (cache miss)
696 http fetch GET 200 https://registry.npmjs.org/@ionic/utils-object/-/utils-object-2.1.5.tgz 643ms (cache miss)
697 http fetch GET 200 https://registry.npmjs.org/safe-buffer/-/safe-buffer-5.2.1.tgz 696ms (cache miss)
698 http fetch GET 200 https://registry.npmjs.org/ms/-/ms-2.1.3.tgz 666ms (cache miss)
699 http fetch GET 200 https://registry.npmjs.org/signal-exit/-/signal-exit-3.0.7.tgz 650ms (cache miss)
700 http fetch GET 200 https://registry.npmjs.org/@ionic/utils-array/-/utils-array-2.1.5.tgz 647ms (cache miss)
701 http fetch GET 200 https://registry.npmjs.org/env-paths/-/env-paths-2.2.1.tgz 633ms (cache miss)
702 http fetch GET 200 https://registry.npmjs.org/cross-spawn/-/cross-spawn-7.0.6.tgz 654ms (cache miss)
703 http fetch GET 200 https://registry.npmjs.org/bplist-parser/-/bplist-parser-0.3.2.tgz 681ms (cache miss)
704 http fetch GET 200 https://registry.npmjs.org/wrap-ansi/-/wrap-ansi-7.0.0.tgz 673ms (cache miss)
705 http fetch GET 200 https://registry.npmjs.org/xml2js/-/xml2js-0.5.0.tgz 652ms (cache miss)
706 http fetch GET 200 https://registry.npmjs.org/@ionic/utils-stream/-/utils-stream-3.1.5.tgz 659ms (cache miss)
707 http fetch GET 200 https://registry.npmjs.org/@types/fs-extra/-/fs-extra-8.1.5.tgz 656ms (cache miss)
708 http fetch GET 200 https://registry.npmjs.org/@ionic/utils-process/-/utils-process-2.1.10.tgz 662ms (cache miss)
709 http fetch GET 200 https://registry.npmjs.org/@ionic/cli-framework-output/-/cli-framework-output-2.2.8.tgz 643ms (cache miss)
710 http fetch GET 200 https://registry.npmjs.org/@ionic/utils-fs/-/utils-fs-3.1.7.tgz 647ms (cache miss)
711 http fetch GET 200 https://registry.npmjs.org/minipass/-/minipass-3.3.6.tgz 636ms (cache miss)
712 http fetch GET 200 https://registry.npmjs.org/kleur/-/kleur-3.0.3.tgz 631ms (cache miss)
713 http fetch GET 200 https://registry.npmjs.org/@ionic/utils-terminal/-/utils-terminal-2.3.3.tgz 635ms (cache miss)
714 http fetch GET 200 https://registry.npmjs.org/@ionic/utils-terminal/-/utils-terminal-2.3.5.tgz 652ms (cache miss)
715 http fetch GET 200 https://registry.npmjs.org/minipass/-/minipass-3.3.6.tgz 645ms (cache miss)
716 http fetch GET 200 https://registry.npmjs.org/minipass/-/minipass-5.0.0.tgz 643ms (cache miss)
717 http fetch GET 200 https://registry.npmjs.org/@ionic/utils-subprocess/-/utils-subprocess-2.1.11.tgz 664ms (cache miss)
718 http fetch GET 200 https://registry.npmjs.org/@ionic/utils-terminal/-/utils-terminal-2.3.3.tgz 649ms (cache miss)
719 http fetch GET 200 https://registry.npmjs.org/minipass/-/minipass-4.2.8.tgz 730ms (cache miss)
720 http fetch GET 200 https://registry.npmjs.org/yauzl/-/yauzl-2.10.0.tgz 721ms (cache miss)
721 http fetch GET 200 https://registry.npmjs.org/@ionic/utils-fs/-/utils-fs-3.1.6.tgz 660ms (cache miss)
722 http fetch GET 200 https://registry.npmjs.org/elementtree/-/elementtree-0.1.7.tgz 727ms (cache miss)
723 http fetch GET 200 https://registry.npmjs.org/tslib/-/tslib-2.8.1.tgz 700ms (cache miss)
724 http fetch GET 200 https://registry.npmjs.org/big-integer/-/big-integer-1.6.52.tgz 760ms (cache miss)
725 http fetch GET 200 https://registry.npmjs.org/commander/-/commander-9.5.0.tgz 728ms (cache miss)
726 http fetch GET 200 https://registry.npmjs.org/@capacitor/status-bar/-/status-bar-6.0.3.tgz 755ms (cache miss)
727 http fetch GET 200 https://registry.npmjs.org/@capacitor/app/-/app-6.0.3.tgz 754ms (cache miss)
728 http fetch GET 200 https://registry.npmjs.org/minipass/-/minipass-7.1.3.tgz 752ms (cache miss)
729 http fetch GET 200 https://registry.npmjs.org/readable-stream/-/readable-stream-3.6.2.tgz 839ms (cache miss)
730 http fetch GET 200 https://registry.npmjs.org/@capacitor/core/-/core-6.2.1.tgz 767ms (cache miss)
731 http fetch GET 200 https://registry.npmjs.org/tar/-/tar-6.2.1.tgz 793ms (cache miss)
732 warn deprecated tar@6.2.1: Old versions of tar are not supported, and contain widely publicized security vulnerabilities, which have been fixed in the current version. Please update. Support for old versions may be purchased (at exorbitant rates) by contacting i@izs.me
733 http fetch GET 200 https://registry.npmjs.org/undici-types/-/undici-types-8.3.0.tgz 825ms (cache miss)
734 http fetch GET 200 https://registry.npmjs.org/fs-extra/-/fs-extra-9.1.0.tgz 804ms (cache miss)
735 http fetch GET 200 https://registry.npmjs.org/@capacitor/keyboard/-/keyboard-6.0.4.tgz 784ms (cache miss)
736 http fetch GET 200 https://registry.npmjs.org/xmlbuilder/-/xmlbuilder-11.0.1.tgz 787ms (cache miss)
737 http fetch GET 200 https://registry.npmjs.org/@capacitor/splash-screen/-/splash-screen-6.0.4.tgz 806ms (cache miss)
738 http fetch GET 200 https://registry.npmjs.org/path-scurry/-/path-scurry-1.11.1.tgz 870ms (cache miss)
739 http fetch GET 200 https://registry.npmjs.org/@xmldom/xmldom/-/xmldom-0.9.10.tgz 864ms (cache miss)
740 http fetch GET 200 https://registry.npmjs.org/lru-cache/-/lru-cache-10.4.3.tgz 874ms (cache miss)
741 http fetch GET 200 https://registry.npmjs.org/semver/-/semver-7.8.5.tgz 846ms (cache miss)
742 http fetch GET 200 https://registry.npmjs.org/plist/-/plist-3.1.1.tgz 851ms (cache miss)
743 http fetch GET 200 https://registry.npmjs.org/xmlbuilder/-/xmlbuilder-15.1.1.tgz 900ms (cache miss)
744 http fetch GET 200 https://registry.npmjs.org/minimatch/-/minimatch-8.0.7.tgz 910ms (cache miss)
745 http fetch GET 200 https://registry.npmjs.org/glob/-/glob-9.3.5.tgz 907ms (cache miss)
746 warn deprecated glob@9.3.5: Old versions of glob are not supported, and contain widely publicized security vulnerabilities, which have been fixed in the current version. Please update. Support for old versions may be purchased (at exorbitant rates) by contacting i@izs.me
747 http fetch GET 200 https://registry.npmjs.org/prompts/-/prompts-2.4.2.tgz 874ms (cache miss)
748 http fetch GET 200 https://registry.npmjs.org/rimraf/-/rimraf-4.4.1.tgz 910ms (cache miss)
749 http fetch GET 200 https://registry.npmjs.org/@capacitor/android/-/android-6.2.1.tgz 900ms (cache miss)
750 http fetch GET 200 https://registry.npmjs.org/@capacitor/cli/-/cli-6.2.1.tgz 908ms (cache miss)
751 http fetch GET 200 https://registry.npmjs.org/@types/node/-/node-26.2.0.tgz 988ms (cache miss)
752 http fetch GET 200 https://registry.npmjs.org/native-run/-/native-run-2.0.3.tgz 955ms (cache miss)
753 silly ADD node_modules/pend
754 silly ADD node_modules/fd-slicer
755 silly ADD node_modules/buffer-crc32
756 silly ADD node_modules/isexe
757 silly ADD node_modules/safe-buffer
758 silly ADD node_modules/util-deprecate
759 silly ADD node_modules/string_decoder
760 silly ADD node_modules/inherits
761 silly ADD node_modules/readable-stream
762 silly ADD node_modules/yallist
763 silly ADD node_modules/mkdirp
764 silly ADD node_modules/minizlib
765 silly ADD node_modules/minizlib/node_modules/minipass
766 silly ADD node_modules/fs-minipass
767 silly ADD node_modules/fs-minipass/node_modules/minipass
768 silly ADD node_modules/chownr
769 silly ADD node_modules/ansi-regex
770 silly ADD node_modules/emoji-regex
771 silly ADD node_modules/color-name
772 silly ADD node_modules/color-convert
773 silly ADD node_modules/is-fullwidth-code-point
774 silly ADD node_modules/astral-regex
775 silly ADD node_modules/ansi-styles
776 silly ADD node_modules/shebang-regex
777 silly ADD node_modules/lru-cache
778 silly ADD node_modules/balanced-match
779 silly ADD node_modules/brace-expansion
780 silly ADD node_modules/path-scurry
781 silly ADD node_modules/path-scurry/node_modules/minipass
782 silly ADD node_modules/minipass
783 silly ADD node_modules/minimatch
784 silly ADD node_modules/fs.realpath
785 silly ADD node_modules/glob
786 silly ADD node_modules/sisteransi
787 silly ADD node_modules/xmlbuilder
788 silly ADD node_modules/base64-js
789 silly ADD node_modules/@xmldom/xmldom
790 silly ADD node_modules/is-wsl
791 silly ADD node_modules/is-docker
792 silly ADD node_modules/define-lazy-prop
793 silly ADD node_modules/sax
794 silly ADD node_modules/big-integer
795 silly ADD node_modules/yauzl
796 silly ADD node_modules/through2
797 silly ADD node_modules/split2
798 silly ADD node_modules/ini
799 silly ADD node_modules/elementtree
800 silly ADD node_modules/bplist-parser
801 silly ADD node_modules/universalify
802 silly ADD node_modules/jsonfile
803 silly ADD node_modules/graceful-fs
804 silly ADD node_modules/at-least-node
805 silly ADD node_modules/ms
806 silly ADD node_modules/which
807 silly ADD node_modules/shebang-command
808 silly ADD node_modules/path-key
809 silly ADD node_modules/undici-types
810 silly ADD node_modules/@types/node
811 silly ADD node_modules/wrap-ansi
812 silly ADD node_modules/untildify
813 silly ADD node_modules/strip-ansi
814 silly ADD node_modules/string-width
815 silly ADD node_modules/slice-ansi
816 silly ADD node_modules/@types/slice-ansi
817 silly ADD node_modules/tree-kill
818 silly ADD node_modules/signal-exit
819 silly ADD node_modules/@ionic/utils-object
820 silly ADD node_modules/cross-spawn
821 silly ADD node_modules/@ionic/utils-stream
822 silly ADD node_modules/@ionic/utils-process
823 silly ADD node_modules/@ionic/utils-process/node_modules/@ionic/utils-terminal
824 silly ADD node_modules/@ionic/utils-array
825 silly ADD node_modules/fs-extra
826 silly ADD node_modules/@types/fs-extra
827 silly ADD node_modules/xml2js
828 silly ADD node_modules/xml2js/node_modules/xmlbuilder
829 silly ADD node_modules/tslib
830 silly ADD node_modules/tar
831 silly ADD node_modules/tar/node_modules/minipass
832 silly ADD node_modules/semver
833 silly ADD node_modules/rimraf
834 silly ADD node_modules/prompts
835 silly ADD node_modules/prompts/node_modules/kleur
836 silly ADD node_modules/plist
837 silly ADD node_modules/open
838 silly ADD node_modules/native-run
839 silly ADD node_modules/kleur
840 silly ADD node_modules/env-paths
841 silly ADD node_modules/debug
842 silly ADD node_modules/commander
843 silly ADD node_modules/@ionic/utils-terminal
844 silly ADD node_modules/@ionic/utils-subprocess
845 silly ADD node_modules/@ionic/utils-subprocess/node_modules/@ionic/utils-terminal
846 silly ADD node_modules/@ionic/utils-subprocess/node_modules/@ionic/utils-fs
847 silly ADD node_modules/@ionic/utils-fs
848 silly ADD node_modules/@ionic/cli-framework-output
849 silly ADD node_modules/@capacitor/status-bar
850 silly ADD node_modules/@capacitor/splash-screen
851 silly ADD node_modules/@capacitor/keyboard
852 silly ADD node_modules/@capacitor/cli
853 silly ADD node_modules/@capacitor/app
854 silly ADD node_modules/@capacitor/core
855 silly ADD node_modules/@capacitor/android
856 verbose cwd /home/user/mobile
857 verbose os Linux 6.1.158+
858 verbose node v20.20.2
859 verbose npm  v10.8.2
860 notice
860 notice New major version of npm available! 10.8.2 -> 12.0.2
860 notice Changelog: https://github.com/npm/cli/releases/tag/v12.0.2
860 notice To update run: npm install -g npm@12.0.2
860 notice  { force: true, [Symbol(proc-log.meta)]: true }
861 verbose exit 0
862 info ok
