0 verbose cli /usr/bin/node /usr/bin/npm
1 info using npm@10.8.2
2 info using node@v20.20.2
3 silly config load:file:/usr/lib/node_modules/npm/npmrc
4 silly config load:file:/home/user/.npmrc
5 silly config load:file:/usr/etc/npmrc
6 verbose title npm ls
7 verbose argv "ls" "--global"
8 verbose logfile logs-max:10 dir:/home/user/.npm/_logs/2026-08-11T08_54_12_153Z-
9 verbose logfile /home/user/.npm/_logs/2026-08-11T08_54_12_153Z-debug-0.log
10 silly packumentCache heap:998768640 maxSize:249692160 maxEntrySize:124846080
11 silly logfile done cleaning log files
12 http fetch GET 200 https://registry.npmjs.org/npm 194ms
13 verbose cwd /home/user
14 verbose os Linux 6.1.158+
15 verbose node v20.20.2
16 verbose npm  v10.8.2
17 notice
17 notice New major version of npm available! 10.8.2 -> 12.0.2
17 notice Changelog: https://github.com/npm/cli/releases/tag/v12.0.2
17 notice To update run: npm install -g npm@12.0.2
17 notice  { force: true, [Symbol(proc-log.meta)]: true }
18 verbose exit 0
19 info ok
